<html>
<body>
<pre>
<h1>µVision Build Log</h1>
<h2>Tool Versions:</h2>
IDE-Version: µVision V5.26.2.0
Copyright (C) 2018 ARM Ltd and ARM Germany GmbH. All rights reserved.
License Information: Hoang Loi, XXX, LIC=71EUH-WH0KY-XLZCR-KSHNW-I2FW0-3VLN0
 
Tool Versions:
Toolchain:       MDK-ARM Basic (256K)  Version: 5.26.2.0
Toolchain Path:  C:\Keil_v5\ARM\ARMCC\Bin
C Compiler:      Armcc.exe V5.06 update 6 (build 750)
Assembler:       Armasm.exe V5.06 update 6 (build 750)
Linker/Locator:  ArmLink.exe V5.06 update 6 (build 750)
Library Manager: ArmAr.exe V5.06 update 6 (build 750)
Hex Converter:   FromElf.exe V5.06 update 6 (build 750)
CPU DLL:         SARMCM3.DLL V5.26.2.0
Dialog DLL:      DCM.DLL V1.17.2.0
Target DLL:      STLink\ST-LINKIII-KEIL_SWO.dll V3.0.5.0
Dialog DLL:      TCM.DLL V1.36.1.0
 
<h2>Project:</h2>
C:\Users\loief\Desktop\BEND\BEND1 (CHAY CU)\01. BEND ARM\01. Code Slave\1.BendSlaveIOEncoder\BendSlaveIOEncoder.uvprojx
Project File Date:  12/13/2018

<h2>Output:</h2>
*** Using Compiler 'V5.06 update 6 (build 750)', folder: 'C:\Keil_v5\ARM\ARMCC\Bin'
Build target 'BendSlaveIOEncoder'
compiling main.c...
App\my_flash.h(6): warning:  #47-D: incompatible redefinition of macro "bool"  (declared at line 15 of "C:\Keil_v5\ARM\ARMCC\Bin\..\include\stdbool.h")
  #define bool char
App\main.c(169): warning:  #177-D: variable "c"  was declared but never referenced
  		int c= 10;
App\main.c: 2 warnings, 0 errors
compiling handwheel.c...
compiling systick.c...
App\systick.c(11): warning:  #177-D: variable "Bug"  was declared but never referenced
  			int Bug = 1;
App\systick.c: 1 warning, 0 errors
compiling interrupt.c...
compiling crc.c...
compiling Ring_buffer.c...
compiling encoder_x.c...
compiling Console.c...
.\App\my_flash.h(6): warning:  #47-D: incompatible redefinition of macro "bool"  (declared at line 15 of "C:\Keil_v5\ARM\ARMCC\Bin\..\include\stdbool.h")
  #define bool char
UserLib\console\Console.c(308): warning:  #68-D: integer conversion resulted in a change of sign
  		return -1;
UserLib\console\Console.c: 2 warnings, 0 errors
compiling GOutput.c...
App\GOutput.c(305): warning:  #188-D: enumerated type mixed with another type
  		GPIO_InitStructure.GPIO_Mode = MyOutputStruct[i].OP_Mode;
App\GOutput.c: 1 warning, 0 errors
compiling GInput.c...
App\GInput.c(47): warning:  #68-D: integer conversion resulted in a change of sign
  	if (Index >= NUMBER_OF_INPUT_ARE_USE) return -1;
App\GInput.c(332): warning:  #188-D: enumerated type mixed with another type
  		GPIO_InitStructure.GPIO_Mode = MyInputStruct[i].IP_Mode;
App\GInput.c: 2 warnings, 0 errors
compiling my_flash.c...
compiling stm32f10x_bkp.c...
compiling misc.c...
compiling stm32f10x_flash.c...
compiling stm32f10x_pwr.c...
compiling stm32f10x_iwdg.c...
compiling stm32f10x_gpio.c...
compiling stm32f10x_rcc.c...
compiling core_cm3.c...
compiling stm32f10x_wwdg.c...
compiling stm32f10x_usart.c...
compiling system_stm32f10x.c...
compiling stm32f10x_tim.c...
linking...
Program Size: Code=13236 RO-data=376 RW-data=256 ZI-data=2416  
".\Objects\BendSlaveIOEncoder.axf" - 0 Error(s), 8 Warning(s).

<h2>Software Packages used:</h2>

Package Vendor: Keil
                http://www.keil.com/pack/Keil.STM32F1xx_DFP.2.3.0.pack
                Keil.STM32F1xx_DFP.2.3.0
                STMicroelectronics STM32F1 Series Device Support, Drivers and Examples

<h2>Collection of Component include folders:</h2>
  .\RTE\_BendSlaveIOEncoder
  C:\Keil_v5\ARM\PACK\Keil\STM32F1xx_DFP\2.3.0\Device\Include

<h2>Collection of Component Files used:</h2>
Build Time Elapsed:  00:00:07
</pre>
</body>
</html>
